[2026-09-04 18:40:36] ========== Backup started ==========
[2026-09-04 18:40:36] Free disk space: 361GB
[2026-09-04 18:40:36] Creating daily backup...
[2026-09-04 18:40:36] Daily backup successful: /home/admin/Workspace/company/Nackup/daily/backup-2026-09-04.tar.gz (4.0K)
[2026-09-04 18:40:36] Cleaning old backups...
[2026-09-04 18:40:36] Old backups cleanup completed.
[2026-09-04 18:40:36] ========== Backup finished successfully ==========
[2026-09-04 18:45:44] ========== Backup started ==========
[2026-09-04 18:45:44] Free disk space: 361GB
[2026-09-04 18:45:44] Creating daily backup...
[2026-09-04 18:45:44] Daily backup successful: /home/admin/Workspace/company/Backup/daily/backup-2026-09-04.tar.gz (4.0K)
[2026-09-04 18:45:44] Cleaning old backups...
[2026-09-04 18:45:44] Old backups cleanup completed.
[2026-09-04 18:45:44] ========== Backup finished successfully ==========
[2026-09-04 18:50:15] ========== Backup started ==========
[2026-09-04 18:50:15] Free disk space: 361GB
[2026-09-04 18:50:15] Creating daily backup...
[2026-09-04 18:50:15] Daily backup successful: /home/admin/Workspace/company/Backup/daily/backup-2026-09-04.tar.gz (4.0K)
[2026-09-04 18:50:15] Cleaning old backups...
[2026-09-04 18:50:15] Old backups cleanup completed.
[2026-09-04 18:50:15] ========== Backup finished successfully ==========
[2026-09-08 23:12:48] ========== Backup started ==========
[2026-09-08 23:12:48] Free disk space: 361GB
[2026-09-08 23:12:48] Creating daily backup...
[2026-09-08 23:12:48] Daily backup successful: /home/admin/Workspace/company/Backup/daily/backup-2026-09-08.tar.gz (4.0K)
[2026-09-08 23:12:48] Cleaning old backups...
[2026-09-08 23:12:49] Old backups cleanup completed.
[2026-09-08 23:12:49] ========== Backup finished successfully ==========
[2026-09-09 02:00:06] ========== Backup started ==========
[2026-09-09 02:00:06] Free disk space: 361GB
[2026-09-09 02:00:06] Creating daily backup...
[2026-09-09 02:00:06] Daily backup successful: /home/admin/Workspace/company/Backup/daily/backup-2026-09-09.tar.gz (4.0K)
[2026-09-09 02:00:06] Cleaning old backups...
[2026-09-09 02:00:06] Old backups cleanup completed.
[2026-09-09 02:00:06] ========== Backup finished successfully ==========
[2026-09-10 17:31:21] ========== Backup started ==========
[2026-09-10 17:31:22] Free disk space: 361GB
[2026-09-10 17:31:22] Creating daily backup...
[2026-09-10 17:31:23] Daily backup successful: /home/admin/Workspace/company/Backup/daily/backup-2026-09-10.tar.gz (4.0K)
[2026-09-10 17:31:23] Cleaning old backups...
[2026-09-10 17:31:23] Old backups cleanup completed.
[2026-09-10 17:31:23] ========== Backup finished successfully ==========
[2026-09-10 17:38:36] ========== Backup started ==========
[2026-09-10 17:38:36] Free disk space: 361GB
[2026-09-10 17:38:36] Creating daily backup...
tar (child): /home/admin/Workspace/company/Backup/daily/backup-2026-09-10.tar.gz: Cannot open: Permission denied
tar (child): Error is not recoverable: exiting now
tar: /home/admin/Workspace/company/Backup/daily/backup-2026-09-10.tar.gz: Cannot write: Broken pipe
tar: Child returned status 2
tar: Error is not recoverable: exiting now
[2026-09-10 17:38:36] ERROR: Daily backup failed
[2026-09-11 02:00:08] ========== Backup started ==========
[2026-09-11 02:00:08] Free disk space: 361GB
[2026-09-11 02:00:08] Creating daily backup...
[2026-09-11 02:00:08] Daily backup successful: /home/admin/Workspace/company/Backup/daily/backup-2026-09-11.tar.gz (4.0K)
[2026-09-11 02:00:08] Cleaning old backups...
[2026-09-11 02:00:08] Old backups cleanup completed.
[2026-09-11 02:00:08] ========== Backup finished successfully ==========
[2026-09-12 02:00:13] ========== Backup started ==========
[2026-09-12 02:00:13] Free disk space: 361GB
[2026-09-12 02:00:13] Creating daily backup...
[2026-09-12 02:00:13] Daily backup successful: /home/admin/Workspace/company/Backup/daily/backup-2026-09-12.tar.gz (4.0K)
[2026-09-12 02:00:13] Cleaning old backups...
[2026-09-12 02:00:13] Old backups cleanup completed.
[2026-09-12 02:00:13] ========== Backup finished successfully ==========
[2026-09-13 15:28:22] ========== Backup started ==========
[2026-09-13 15:28:22] Free disk space: 361GB
[2026-09-13 15:28:22] Creating daily backup...
[2026-09-13 15:28:22] Daily backup successful: /home/admin/Workspace/company/Backup/daily/backup-2026-09-13.tar.gz (4.0K)
[2026-09-13 15:28:22] Creating weekly backup...
[2026-09-13 15:28:22] Weekly backup successful: /home/admin/Workspace/company/Backup/weekly/backup-week-2026-09-13.tar.gz
[2026-09-13 15:28:22] Weekly backup uses hard link
[2026-09-13 15:28:22] Cleaning old backups...
[2026-09-13 15:28:22] Old backups cleanup completed.
[2026-09-13 15:28:22] ========== Backup finished successfully ==========
[2026-09-14 21:22:46] ========== Backup started ==========
[2026-09-14 21:22:46] Free disk space: 361GB
[2026-09-14 21:22:46] Creating daily backup...
[2026-09-14 21:22:47] Daily backup successful: /home/admin/Workspace/company/Backup/daily/backup-2026-09-14.tar.gz (4.0K)
[2026-09-14 21:22:47] Cleaning old backups...
[2026-09-14 21:22:47] Old backups cleanup completed.
[2026-09-14 21:22:47] ========== Backup finished successfully ==========
[2026-09-15 09:47:46] ========== Backup started ==========
[2026-09-15 09:47:47] Free disk space: 361GB
[2026-09-15 09:47:47] Creating daily backup...
[2026-09-15 09:47:47] Daily backup successful: /home/admin/Workspace/company/Backup/daily/backup-2026-09-15.tar.gz (4.0K)
[2026-09-15 09:47:47] Cleaning old backups...
[2026-09-15 09:47:48] Old backups cleanup completed.
[2026-09-15 09:47:48] ========== Backup finished successfully ==========
[2026-09-18 02:08:53] ========== Backup started ==========
[2026-09-18 02:08:54] Free disk space: 361GB
[2026-09-18 02:08:54] Creating daily backup...
[2026-09-18 02:08:54] Daily backup successful: /home/admin/Workspace/company/Backup/daily/backup-2026-09-18.tar.gz (4.0K)
[2026-09-18 02:08:54] Cleaning old backups...
[2026-09-18 02:08:55] Old backups cleanup completed.
[2026-09-18 02:08:55] ========== Backup finished successfully ==========
[2026-09-19 16:28:59] ========== Backup started ==========
[2026-09-19 16:29:00] Free disk space: 361GB
[2026-09-19 16:29:00] Creating daily backup...
[2026-09-19 16:29:00] Daily backup successful: /home/admin/Workspace/company/Backup/daily/backup-2026-09-19.tar.gz (8.0K)
[2026-09-19 16:29:00] Cleaning old backups...
[2026-09-19 16:29:00] Old backups cleanup completed.
[2026-09-19 16:29:00] ========== Backup finished successfully ==========
[2026-09-19 16:39:26] ========== Backup started ==========
[2026-09-19 16:39:26] Free disk space: 361GB
[2026-09-19 16:39:26] Creating daily backup...
[2026-09-19 16:39:26] Daily backup successful: /home/admin/Workspace/company/Backup/daily/backup-2026-09-19.tar.gz (8.0K)
[2026-09-19 16:39:26] Cleaning old backups...
[2026-09-19 16:39:26] Old backups cleanup completed.
[2026-09-19 16:39:26] ========== Backup finished successfully ==========
[2026-09-19 16:40:11] ========== Backup started ==========
[2026-09-19 16:40:11] Free disk space: 361GB
[2026-09-19 16:40:11] Creating daily backup...
[2026-09-19 16:40:11] Daily backup successful: /home/admin/Workspace/company/Backup/daily/backup-2026-09-19.tar.gz (8.0K)
[2026-09-19 16:40:11] Cleaning old backups...
[2026-09-19 16:40:11] Old backups cleanup completed.
[2026-09-19 16:40:11] ========== Backup finished successfully ==========
[2026-09-19 16:44:42] ========== Backup started ==========
[2026-09-19 16:44:42] Free disk space: 361GB
[2026-09-19 16:44:42] Creating daily backup...
[2026-09-19 16:44:42] Daily backup successful: /home/admin/Workspace/company/Backup/daily/backup-2026-09-19.tar.gz (4.0K)
[2026-09-19 16:44:42] Cleaning old backups...
[2026-09-19 16:44:42] Old backups cleanup completed.
[2026-09-19 16:44:42] ========== Backup finished successfully ==========
[2026-09-19 17:05:10] ========== Backup started ==========
[2026-09-19 17:05:10] Free disk space: 361GB
[2026-09-19 17:05:10] Creating daily backup...
[2026-09-19 17:05:10] Daily backup successful: /home/admin/Workspace/company/Backup/daily/backup-2026-09-19.tar.gz (4.0K)
[2026-09-19 17:05:10] Cleaning old backups...
[2026-09-19 17:05:10] Old backups cleanup completed.
[2026-09-19 17:05:10] ========== Backup finished successfully ==========
[2026-09-19 16:29:00] USER=unset ACTION=CREATE PATH=/home/admin/Workspace/company/Backup/daily/backup-2026-09-19.tar.gz COMMAND=tar
[2026-09-19 16:29:00] USER=unset ACTION=DELETE PATH=/home/admin/Workspace/company/Backup/daily/backup-2026-09-09.tar.gz COMMAND=rm
[2026-09-19 16:31:17] USER=admin ACTION=CREATE PATH=./.backup.sh.swp COMMAND=nano
[2026-09-19 16:31:19] USER=admin ACTION=DELETE PATH=./.backup.sh.swp COMMAND=nano
[2026-09-19 16:39:26] USER=admin ACTION=ACCESS PATH=/home/admin/Workspace/company/Backup/daily/backup-2026-09-19.tar.gz COMMAND=tar
[2026-09-19 16:40:01] USER=admin ACTION=DELETE PATH=backup-2026-09-19.tar.gz COMMAND=rm
[2026-09-19 16:40:11] USER=admin ACTION=CREATE PATH=/home/admin/Workspace/company/Backup/daily/backup-2026-09-19.tar.gz COMMAND=tar
[2026-09-19 16:41:06] USER=admin ACTION=CREATE PATH=company COMMAND=tar
[2026-09-19 16:41:06] USER=admin ACTION=CREATE PATH=company/Finance COMMAND=tar
[2026-09-19 16:41:06] USER=admin ACTION=CREATE PATH=company/Finance/test COMMAND=tar
[2026-09-19 16:41:06] USER=admin ACTION=CREATE PATH=company/Logs COMMAND=tar
[2026-09-19 16:41:06] USER=admin ACTION=CREATE PATH=company/Logs/access.log COMMAND=tar
[2026-09-19 16:41:06] USER=admin ACTION=CREATE PATH=company/Logs/auth.log COMMAND=tar
[2026-09-19 16:41:06] USER=admin ACTION=CREATE PATH=company/Logs/error.log COMMAND=tar
[2026-09-19 16:41:06] USER=admin ACTION=CREATE PATH=company/Logs/security.log COMMAND=tar
[2026-09-19 16:41:06] USER=admin ACTION=CREATE PATH=company/Logs/monitoring.log COMMAND=tar
[2026-09-19 16:41:06] USER=admin ACTION=CREATE PATH=company/Logs/system.log COMMAND=tar
[2026-09-19 16:41:06] USER=admin ACTION=CREATE PATH=company/HR COMMAND=tar
[2026-09-19 16:41:06] USER=admin ACTION=CREATE PATH=company/Public COMMAND=tar
[2026-09-19 16:41:06] USER=admin ACTION=CREATE PATH=company/logger COMMAND=tar
[2026-09-19 16:41:06] USER=admin ACTION=CREATE PATH=company/logger/logger.py COMMAND=tar
[2026-09-19 16:41:06] USER=admin ACTION=CREATE PATH=company/logger/audit.checkpoint COMMAND=tar
[2026-09-19 16:41:06] USER=admin ACTION=CREATE PATH=company/Developers COMMAND=tar
[2026-09-19 16:41:06] USER=admin ACTION=CREATE PATH=company/Developers/debug.txt COMMAND=tar
[2026-09-19 16:41:06] USER=admin ACTION=CREATE PATH=company/Developers/test.txt COMMAND=tar
[2026-09-19 16:41:06] USER=admin ACTION=CREATE PATH=company/Developers/Hello COMMAND=tar
[2026-09-19 16:43:47] USER=admin ACTION=DELETE PATH=test COMMAND=rm
[2026-09-19 16:43:47] USER=admin ACTION=DELETE PATH=Finance COMMAND=rm
[2026-09-19 16:43:47] USER=admin ACTION=DELETE PATH=access.log COMMAND=rm
[2026-09-19 16:43:47] USER=admin ACTION=DELETE PATH=auth.log COMMAND=rm
[2026-09-19 16:43:47] USER=admin ACTION=DELETE PATH=error.log COMMAND=rm
[2026-09-19 16:43:47] USER=admin ACTION=DELETE PATH=security.log COMMAND=rm
[2026-09-19 16:43:47] USER=admin ACTION=DELETE PATH=monitoring.log COMMAND=rm
[2026-09-19 16:43:47] USER=admin ACTION=DELETE PATH=system.log COMMAND=rm
[2026-09-19 16:43:47] USER=admin ACTION=DELETE PATH=Logs COMMAND=rm
[2026-09-19 16:43:47] USER=admin ACTION=DELETE PATH=HR COMMAND=rm
[2026-09-19 16:43:47] USER=admin ACTION=DELETE PATH=Public COMMAND=rm
[2026-09-19 16:43:47] USER=admin ACTION=DELETE PATH=logger.py COMMAND=rm
[2026-09-19 16:43:47] USER=admin ACTION=DELETE PATH=audit.checkpoint COMMAND=rm
[2026-09-19 16:43:47] USER=admin ACTION=DELETE PATH=logger COMMAND=rm
[2026-09-19 16:43:47] USER=admin ACTION=DELETE PATH=debug.txt COMMAND=rm
[2026-09-19 16:43:47] USER=admin ACTION=DELETE PATH=test.txt COMMAND=rm
[2026-09-19 16:43:47] USER=admin ACTION=DELETE PATH=Hello COMMAND=rm
[2026-09-19 16:43:47] USER=admin ACTION=DELETE PATH=Developers COMMAND=rm
[2026-09-19 16:43:47] USER=admin ACTION=DELETE PATH=company COMMAND=rm
[2026-09-19 16:44:29] USER=admin ACTION=DELETE PATH=backup-2026-09-19.tar.gz COMMAND=rm
[2026-09-19 16:44:42] USER=admin ACTION=CREATE PATH=/home/admin/Workspace/company/Backup/daily/backup-2026-09-19.tar.gz COMMAND=tar
[2026-09-19 17:04:45] USER=admin ACTION=DELETE PATH=backup-week-2026-09-13.tar.gz COMMAND=rm
[2026-09-19 17:04:45] USER=admin ACTION=DELETE PATH=weekly COMMAND=rm
[2026-09-19 17:04:45] USER=admin ACTION=DELETE PATH=monthly COMMAND=rm
[2026-09-19 17:04:45] USER=admin ACTION=DELETE PATH=backup-2026-09-18.tar.gz COMMAND=rm
[2026-09-19 17:04:46] USER=admin ACTION=DELETE PATH=backup-2026-09-11.tar.gz COMMAND=rm
[2026-09-19 17:04:46] USER=admin ACTION=DELETE PATH=backup-2026-09-15.tar.gz COMMAND=rm
[2026-09-19 17:04:47] USER=admin ACTION=DELETE PATH=backup-2026-09-12.tar.gz COMMAND=rm
[2026-09-19 17:04:47] USER=admin ACTION=DELETE PATH=backup-2026-09-13.tar.gz COMMAND=rm
[2026-09-19 17:04:47] USER=admin ACTION=DELETE PATH=backup-2026-09-14.tar.gz COMMAND=rm
[2026-09-19 17:04:48] USER=admin ACTION=DELETE PATH=backup-2026-09-19.tar.gz COMMAND=rm
[2026-09-19 17:04:48] USER=admin ACTION=DELETE PATH=daily COMMAND=rm
