[2026-09-23 21:55:17] SYSTEM_ACTIVITY CPU=0.0% RAM=15.0%(301MB/2010MB) LOAD=0.00,0.00,0.00 DISK=5.8%(22.3GB/382.9GB) NET_RX=0.6MB NET_TX=0.5MB UPTIME=0.7h PROCESSES=93
[2026-09-23 21:55:17] TOP_PROCESS=1 PID=1 CPU_TICKS=142 STATE=S COMMAND=/sbin/init
[2026-09-23 21:55:17] TOP_PROCESS=2 PID=596 CPU_TICKS=60 STATE=S COMMAND=-bash
[2026-09-23 21:55:17] TOP_PROCESS=3 PID=595 CPU_TICKS=50 STATE=S COMMAND=sshd: admin@pts/0
[2026-09-23 21:55:17] TOP_PROCESS=4 PID=218 CPU_TICKS=34 STATE=S COMMAND=/lib/systemd/systemd-journald
[2026-09-23 21:55:17] TOP_PROCESS=5 PID=20 CPU_TICKS=26 STATE=S COMMAND=migration/1
[2026-09-28 20:13:48] SYSTEM_ACTIVITY CPU=0.0% RAM=15.2%(305MB/2010MB) LOAD=0.16,0.06,0.01 DISK=5.8%(22.3GB/382.9GB) NET_RX=0.2MB NET_TX=0.2MB UPTIME=0.5h PROCESSES=98
[2026-09-28 20:13:48] TOP_PROCESS=1 PID=1 CPU_TICKS=212 STATE=S COMMAND=/sbin/init
[2026-09-28 20:13:48] TOP_PROCESS=2 PID=219 CPU_TICKS=36 STATE=S COMMAND=/lib/systemd/systemd-journald
[2026-09-28 20:13:48] TOP_PROCESS=3 PID=514 CPU_TICKS=28 STATE=S COMMAND=sshd: admin [priv]
[2026-09-28 20:13:48] TOP_PROCESS=4 PID=20 CPU_TICKS=27 STATE=S COMMAND=migration/1
[2026-09-28 20:13:48] TOP_PROCESS=5 PID=520 CPU_TICKS=24 STATE=S COMMAND=/lib/systemd/systemd --user
[2026-09-28 20:43:59] SYSTEM_ACTIVITY CPU=0.0% RAM=15.1%(304MB/2010MB) LOAD=0.00,0.00,0.00 DISK=5.8%(22.3GB/382.9GB) NET_RX=0.3MB NET_TX=0.3MB UPTIME=1.0h PROCESSES=95
[2026-09-28 20:43:59] TOP_PROCESS=1 PID=1 CPU_TICKS=224 STATE=S COMMAND=/sbin/init
[2026-09-28 20:43:59] TOP_PROCESS=2 PID=17 CPU_TICKS=40 STATE=I COMMAND=kworker/0:1-mm_percpu_wq
[2026-09-28 20:43:59] TOP_PROCESS=3 PID=219 CPU_TICKS=40 STATE=S COMMAND=/lib/systemd/systemd-journald
[2026-09-28 20:43:59] TOP_PROCESS=4 PID=543 CPU_TICKS=30 STATE=S COMMAND=sshd: admin@pts/0
[2026-09-28 20:43:59] TOP_PROCESS=5 PID=514 CPU_TICKS=28 STATE=S COMMAND=sshd: admin [priv]
[2026-09-28 21:14:19] SYSTEM_ACTIVITY CPU=0.5% RAM=15.3%(307MB/2010MB) LOAD=0.00,0.00,0.00 DISK=5.8%(22.3GB/382.9GB) NET_RX=0.4MB NET_TX=0.4MB UPTIME=1.5h PROCESSES=97
[2026-09-28 21:14:19] TOP_PROCESS=1 PID=1 CPU_TICKS=226 STATE=S COMMAND=/sbin/init
[2026-09-28 21:14:19] TOP_PROCESS=2 PID=17 CPU_TICKS=61 STATE=I COMMAND=kworker/0:1-mm_percpu_wq
[2026-09-28 21:14:19] TOP_PROCESS=3 PID=219 CPU_TICKS=43 STATE=S COMMAND=/lib/systemd/systemd-journald
[2026-09-28 21:14:19] TOP_PROCESS=4 PID=543 CPU_TICKS=30 STATE=S COMMAND=sshd: admin@pts/0
[2026-09-28 21:14:19] TOP_PROCESS=5 PID=514 CPU_TICKS=28 STATE=S COMMAND=sshd: admin [priv]
[2026-09-28 21:44:29] SYSTEM_ACTIVITY CPU=0.5% RAM=15.3%(307MB/2010MB) LOAD=0.00,0.00,0.00 DISK=5.8%(22.3GB/382.9GB) NET_RX=0.4MB NET_TX=0.4MB UPTIME=2.0h PROCESSES=97
[2026-09-28 21:44:29] TOP_PROCESS=1 PID=1 CPU_TICKS=229 STATE=S COMMAND=/sbin/init
[2026-09-28 21:44:29] TOP_PROCESS=2 PID=17 CPU_TICKS=81 STATE=I COMMAND=kworker/0:1-mm_percpu_wq
[2026-09-28 21:44:29] TOP_PROCESS=3 PID=219 CPU_TICKS=45 STATE=S COMMAND=/lib/systemd/systemd-journald
[2026-09-28 21:44:29] TOP_PROCESS=4 PID=543 CPU_TICKS=30 STATE=S COMMAND=sshd: admin@pts/0
[2026-09-28 21:44:29] TOP_PROCESS=5 PID=20 CPU_TICKS=28 STATE=S COMMAND=migration/1
[2026-09-28 22:15:19] SYSTEM_ACTIVITY CPU=0.5% RAM=15.3%(307MB/2010MB) LOAD=0.00,0.00,0.00 DISK=5.8%(22.3GB/382.9GB) NET_RX=0.4MB NET_TX=0.4MB UPTIME=2.5h PROCESSES=98
[2026-09-28 22:15:19] TOP_PROCESS=1 PID=1 CPU_TICKS=231 STATE=S COMMAND=/sbin/init
[2026-09-28 22:15:19] TOP_PROCESS=2 PID=17 CPU_TICKS=102 STATE=I COMMAND=kworker/0:1-mm_percpu_wq
[2026-09-28 22:15:19] TOP_PROCESS=3 PID=219 CPU_TICKS=47 STATE=S COMMAND=/lib/systemd/systemd-journald
[2026-09-28 22:15:19] TOP_PROCESS=4 PID=111 CPU_TICKS=30 STATE=I COMMAND=kworker/1:1H-kblockd
[2026-09-28 22:15:19] TOP_PROCESS=5 PID=543 CPU_TICKS=30 STATE=S COMMAND=sshd: admin@pts/0
[2026-09-28 22:46:09] SYSTEM_ACTIVITY CPU=0.5% RAM=15.1%(304MB/2010MB) LOAD=0.00,0.00,0.00 DISK=5.8%(22.3GB/382.9GB) NET_RX=0.4MB NET_TX=0.4MB UPTIME=3.0h PROCESSES=91
[2026-09-28 22:46:09] TOP_PROCESS=1 PID=1 CPU_TICKS=236 STATE=S COMMAND=/sbin/init
[2026-09-28 22:46:09] TOP_PROCESS=2 PID=17 CPU_TICKS=123 STATE=I COMMAND=kworker/0:1-mm_percpu_wq
[2026-09-28 22:46:09] TOP_PROCESS=3 PID=219 CPU_TICKS=51 STATE=S COMMAND=/lib/systemd/systemd-journald
[2026-09-28 22:46:09] TOP_PROCESS=4 PID=428 CPU_TICKS=33 STATE=S COMMAND=/usr/lib/postgresql/15/bin/postgres -D /var/lib/postgresql/15/main -c config_file=/etc/postgresql/15/main/postgresql.conf
[2026-09-28 22:46:09] TOP_PROCESS=5 PID=111 CPU_TICKS=32 STATE=I COMMAND=kworker/1:1H-kblockd
[2026-09-28 23:16:19] SYSTEM_ACTIVITY CPU=0.5% RAM=15.0%(302MB/2010MB) LOAD=0.00,0.00,0.00 DISK=5.8%(22.3GB/382.9GB) NET_RX=0.5MB NET_TX=0.5MB UPTIME=3.5h PROCESSES=91
[2026-09-28 23:16:19] TOP_PROCESS=1 PID=1 CPU_TICKS=249 STATE=S COMMAND=/sbin/init
[2026-09-28 23:16:19] TOP_PROCESS=2 PID=17 CPU_TICKS=143 STATE=I COMMAND=kworker/0:1-mm_percpu_wq
[2026-09-28 23:16:19] TOP_PROCESS=3 PID=219 CPU_TICKS=56 STATE=S COMMAND=/lib/systemd/systemd-journald
[2026-09-28 23:16:19] TOP_PROCESS=4 PID=428 CPU_TICKS=37 STATE=S COMMAND=/usr/lib/postgresql/15/bin/postgres -D /var/lib/postgresql/15/main -c config_file=/etc/postgresql/15/main/postgresql.conf
[2026-09-28 23:16:19] TOP_PROCESS=5 PID=111 CPU_TICKS=36 STATE=I COMMAND=kworker/1:1H-kblockd
[2026-09-28 23:47:19] SYSTEM_ACTIVITY CPU=0.5% RAM=15.1%(303MB/2010MB) LOAD=0.00,0.00,0.00 DISK=5.8%(22.3GB/382.9GB) NET_RX=0.5MB NET_TX=0.5MB UPTIME=4.0h PROCESSES=93
[2026-09-28 23:47:19] TOP_PROCESS=1 PID=1 CPU_TICKS=256 STATE=S COMMAND=/sbin/init
[2026-09-28 23:47:19] TOP_PROCESS=2 PID=17 CPU_TICKS=162 STATE=I COMMAND=kworker/0:1-events
[2026-09-28 23:47:19] TOP_PROCESS=3 PID=219 CPU_TICKS=59 STATE=S COMMAND=/lib/systemd/systemd-journald
[2026-09-28 23:47:19] TOP_PROCESS=4 PID=428 CPU_TICKS=41 STATE=S COMMAND=/usr/lib/postgresql/15/bin/postgres -D /var/lib/postgresql/15/main -c config_file=/etc/postgresql/15/main/postgresql.conf
[2026-09-28 23:47:19] TOP_PROCESS=5 PID=111 CPU_TICKS=38 STATE=I COMMAND=kworker/1:1H-kblockd
[2026-09-29 00:18:09] SYSTEM_ACTIVITY CPU=0.5% RAM=15.1%(304MB/2010MB) LOAD=0.00,0.00,0.00 DISK=5.8%(22.3GB/382.9GB) NET_RX=0.5MB NET_TX=0.5MB UPTIME=4.5h PROCESSES=91
[2026-09-29 00:18:09] TOP_PROCESS=1 PID=1 CPU_TICKS=261 STATE=S COMMAND=/sbin/init
[2026-09-29 00:18:09] TOP_PROCESS=2 PID=17 CPU_TICKS=162 STATE=I COMMAND=kworker/0:1-events
[2026-09-29 00:18:09] TOP_PROCESS=3 PID=219 CPU_TICKS=63 STATE=S COMMAND=/lib/systemd/systemd-journald
[2026-09-29 00:18:09] TOP_PROCESS=4 PID=428 CPU_TICKS=45 STATE=S COMMAND=/usr/lib/postgresql/15/bin/postgres -D /var/lib/postgresql/15/main -c config_file=/etc/postgresql/15/main/postgresql.conf
[2026-09-29 00:18:09] TOP_PROCESS=5 PID=111 CPU_TICKS=41 STATE=I COMMAND=kworker/1:1H-kblockd
[2026-09-29 00:48:19] SYSTEM_ACTIVITY CPU=0.5% RAM=15.1%(302MB/2010MB) LOAD=0.00,0.00,0.00 DISK=5.8%(22.3GB/382.9GB) NET_RX=0.5MB NET_TX=0.5MB UPTIME=5.0h PROCESSES=92
[2026-09-29 00:48:19] TOP_PROCESS=1 PID=1 CPU_TICKS=263 STATE=S COMMAND=/sbin/init
[2026-09-29 00:48:19] TOP_PROCESS=2 PID=17 CPU_TICKS=162 STATE=I COMMAND=kworker/0:1-cgwb_release
[2026-09-29 00:48:19] TOP_PROCESS=3 PID=219 CPU_TICKS=64 STATE=S COMMAND=/lib/systemd/systemd-journald
[2026-09-29 00:48:19] TOP_PROCESS=4 PID=428 CPU_TICKS=49 STATE=S COMMAND=/usr/lib/postgresql/15/bin/postgres -D /var/lib/postgresql/15/main -c config_file=/etc/postgresql/15/main/postgresql.conf
[2026-09-29 00:48:19] TOP_PROCESS=5 PID=1163 CPU_TICKS=43 STATE=I COMMAND=kworker/0:3-mm_percpu_wq
[2026-09-29 01:18:59] SYSTEM_ACTIVITY CPU=0.5% RAM=15.1%(303MB/2010MB) LOAD=0.00,0.00,0.00 DISK=5.8%(22.3GB/382.9GB) NET_RX=0.6MB NET_TX=0.5MB UPTIME=5.5h PROCESSES=92
[2026-09-29 01:18:59] TOP_PROCESS=1 PID=1 CPU_TICKS=268 STATE=S COMMAND=/sbin/init
[2026-09-29 01:18:59] TOP_PROCESS=2 PID=17 CPU_TICKS=162 STATE=I COMMAND=kworker/0:1-cgroup_release
[2026-09-29 01:18:59] TOP_PROCESS=3 PID=219 CPU_TICKS=67 STATE=S COMMAND=/lib/systemd/systemd-journald
[2026-09-29 01:18:59] TOP_PROCESS=4 PID=428 CPU_TICKS=53 STATE=S COMMAND=/usr/lib/postgresql/15/bin/postgres -D /var/lib/postgresql/15/main -c config_file=/etc/postgresql/15/main/postgresql.conf
[2026-09-29 01:18:59] TOP_PROCESS=5 PID=111 CPU_TICKS=45 STATE=I COMMAND=kworker/1:1H-kblockd
[2026-09-29 01:49:19] SYSTEM_ACTIVITY CPU=0.5% RAM=15.1%(304MB/2010MB) LOAD=0.00,0.00,0.00 DISK=5.8%(22.3GB/382.9GB) NET_RX=0.6MB NET_TX=0.5MB UPTIME=6.0h PROCESSES=91
[2026-09-29 01:49:19] TOP_PROCESS=1 PID=1 CPU_TICKS=270 STATE=S COMMAND=/sbin/init
[2026-09-29 01:49:19] TOP_PROCESS=2 PID=219 CPU_TICKS=69 STATE=S COMMAND=/lib/systemd/systemd-journald
[2026-09-29 01:49:19] TOP_PROCESS=3 PID=428 CPU_TICKS=57 STATE=S COMMAND=/usr/lib/postgresql/15/bin/postgres -D /var/lib/postgresql/15/main -c config_file=/etc/postgresql/15/main/postgresql.conf
[2026-09-29 01:49:19] TOP_PROCESS=4 PID=111 CPU_TICKS=47 STATE=I COMMAND=kworker/1:1H-kblockd
[2026-09-29 01:49:19] TOP_PROCESS=5 PID=382 CPU_TICKS=32 STATE=S COMMAND=/usr/bin/dbus-daemon --system --address=systemd: --nofork --nopidfile --systemd-activation --syslog-only
[2026-09-29 02:19:59] SYSTEM_ACTIVITY CPU=0.5% RAM=15.2%(306MB/2010MB) LOAD=0.00,0.00,0.00 DISK=5.8%(22.3GB/382.9GB) NET_RX=0.6MB NET_TX=0.5MB UPTIME=6.6h PROCESSES=91
[2026-09-29 02:19:59] TOP_PROCESS=1 PID=1 CPU_TICKS=273 STATE=S COMMAND=/sbin/init
[2026-09-29 02:19:59] TOP_PROCESS=2 PID=219 CPU_TICKS=72 STATE=S COMMAND=/lib/systemd/systemd-journald
[2026-09-29 02:19:59] TOP_PROCESS=3 PID=428 CPU_TICKS=61 STATE=S COMMAND=/usr/lib/postgresql/15/bin/postgres -D /var/lib/postgresql/15/main -c config_file=/etc/postgresql/15/main/postgresql.conf
[2026-09-29 02:19:59] TOP_PROCESS=4 PID=111 CPU_TICKS=49 STATE=I COMMAND=kworker/1:1H-kblockd
[2026-09-29 02:19:59] TOP_PROCESS=5 PID=1340 CPU_TICKS=43 STATE=I COMMAND=kworker/0:2-mm_percpu_wq
[2026-09-29 02:50:19] SYSTEM_ACTIVITY CPU=0.0% RAM=15.1%(304MB/2010MB) LOAD=0.00,0.00,0.00 DISK=5.8%(22.3GB/382.9GB) NET_RX=0.6MB NET_TX=0.5MB UPTIME=7.1h PROCESSES=91
[2026-09-29 02:50:19] TOP_PROCESS=1 PID=1 CPU_TICKS=276 STATE=S COMMAND=/sbin/init
[2026-09-29 02:50:19] TOP_PROCESS=2 PID=219 CPU_TICKS=73 STATE=S COMMAND=/lib/systemd/systemd-journald
[2026-09-29 02:50:19] TOP_PROCESS=3 PID=428 CPU_TICKS=65 STATE=S COMMAND=/usr/lib/postgresql/15/bin/postgres -D /var/lib/postgresql/15/main -c config_file=/etc/postgresql/15/main/postgresql.conf
[2026-09-29 02:50:19] TOP_PROCESS=4 PID=111 CPU_TICKS=51 STATE=I COMMAND=kworker/1:1H-kblockd
[2026-09-29 02:50:19] TOP_PROCESS=5 PID=382 CPU_TICKS=32 STATE=S COMMAND=/usr/bin/dbus-daemon --system --address=systemd: --nofork --nopidfile --systemd-activation --syslog-only
[2026-09-29 03:20:29] SYSTEM_ACTIVITY CPU=0.0% RAM=15.1%(304MB/2010MB) LOAD=0.00,0.00,0.00 DISK=5.8%(22.3GB/382.9GB) NET_RX=0.6MB NET_TX=0.5MB UPTIME=7.6h PROCESSES=91
[2026-09-29 03:20:29] TOP_PROCESS=1 PID=1 CPU_TICKS=278 STATE=S COMMAND=/sbin/init
[2026-09-29 03:20:29] TOP_PROCESS=2 PID=219 CPU_TICKS=76 STATE=S COMMAND=/lib/systemd/systemd-journald
[2026-09-29 03:20:29] TOP_PROCESS=3 PID=428 CPU_TICKS=69 STATE=S COMMAND=/usr/lib/postgresql/15/bin/postgres -D /var/lib/postgresql/15/main -c config_file=/etc/postgresql/15/main/postgresql.conf
[2026-09-29 03:20:29] TOP_PROCESS=4 PID=111 CPU_TICKS=53 STATE=I COMMAND=kworker/1:1H-kblockd
[2026-09-29 03:20:29] TOP_PROCESS=5 PID=1455 CPU_TICKS=40 STATE=I COMMAND=kworker/0:0-mm_percpu_wq
[2026-09-29 03:51:09] SYSTEM_ACTIVITY CPU=0.0% RAM=14.8%(298MB/2010MB) LOAD=0.00,0.00,0.00 DISK=5.8%(22.3GB/382.9GB) NET_RX=0.6MB NET_TX=0.5MB UPTIME=8.1h PROCESSES=85
[2026-09-29 03:51:09] TOP_PROCESS=1 PID=1 CPU_TICKS=285 STATE=S COMMAND=/sbin/init
[2026-09-29 03:51:09] TOP_PROCESS=2 PID=219 CPU_TICKS=80 STATE=S COMMAND=/lib/systemd/systemd-journald
[2026-09-29 03:51:09] TOP_PROCESS=3 PID=428 CPU_TICKS=74 STATE=S COMMAND=/usr/lib/postgresql/15/bin/postgres -D /var/lib/postgresql/15/main -c config_file=/etc/postgresql/15/main/postgresql.conf
[2026-09-29 03:51:09] TOP_PROCESS=4 PID=111 CPU_TICKS=56 STATE=I COMMAND=kworker/1:1H-kblockd
[2026-09-29 03:51:09] TOP_PROCESS=5 PID=1455 CPU_TICKS=43 STATE=I COMMAND=kworker/0:0-cgroup_free
[2026-09-29 04:21:19] SYSTEM_ACTIVITY CPU=0.0% RAM=14.8%(298MB/2010MB) LOAD=0.00,0.00,0.00 DISK=5.8%(22.3GB/382.9GB) NET_RX=0.6MB NET_TX=0.5MB UPTIME=8.6h PROCESSES=86
[2026-09-29 04:21:19] TOP_PROCESS=1 PID=1 CPU_TICKS=287 STATE=S COMMAND=/sbin/init
[2026-09-29 04:21:19] TOP_PROCESS=2 PID=219 CPU_TICKS=82 STATE=S COMMAND=/lib/systemd/systemd-journald
[2026-09-29 04:21:19] TOP_PROCESS=3 PID=428 CPU_TICKS=77 STATE=S COMMAND=/usr/lib/postgresql/15/bin/postgres -D /var/lib/postgresql/15/main -c config_file=/etc/postgresql/15/main/postgresql.conf
[2026-09-29 04:21:19] TOP_PROCESS=4 PID=111 CPU_TICKS=58 STATE=I COMMAND=kworker/1:1H-kblockd
[2026-09-29 04:21:19] TOP_PROCESS=5 PID=1455 CPU_TICKS=43 STATE=I COMMAND=kworker/0:0-cgroup_free
[2026-09-29 04:52:19] SYSTEM_ACTIVITY CPU=0.0% RAM=14.9%(299MB/2010MB) LOAD=0.24,0.05,0.02 DISK=5.8%(22.3GB/382.9GB) NET_RX=0.6MB NET_TX=0.5MB UPTIME=9.1h PROCESSES=85
[2026-09-29 04:52:19] TOP_PROCESS=1 PID=1 CPU_TICKS=290 STATE=S COMMAND=/sbin/init
[2026-09-29 04:52:19] TOP_PROCESS=2 PID=219 CPU_TICKS=84 STATE=S COMMAND=/lib/systemd/systemd-journald
[2026-09-29 04:52:19] TOP_PROCESS=3 PID=428 CPU_TICKS=81 STATE=S COMMAND=/usr/lib/postgresql/15/bin/postgres -D /var/lib/postgresql/15/main -c config_file=/etc/postgresql/15/main/postgresql.conf
[2026-09-29 04:52:19] TOP_PROCESS=4 PID=111 CPU_TICKS=59 STATE=I COMMAND=kworker/1:1H-kblockd
[2026-09-29 04:52:19] TOP_PROCESS=5 PID=1565 CPU_TICKS=58 STATE=I COMMAND=kworker/0:3-mm_percpu_wq
[2026-09-29 05:58:20] SYSTEM_ACTIVITY CPU=0.0% RAM=14.1%(284MB/2010MB) LOAD=0.10,0.24,0.14 DISK=5.8%(22.4GB/382.9GB) NET_RX=0.3MB NET_TX=0.1MB UPTIME=0.1h PROCESSES=91
[2026-09-29 05:58:20] TOP_PROCESS=1 PID=1 CPU_TICKS=132 STATE=S COMMAND=/sbin/init
[2026-09-29 05:58:20] TOP_PROCESS=2 PID=9 CPU_TICKS=56 STATE=I COMMAND=kworker/u8:0-flush-8:0
[2026-09-29 05:58:20] TOP_PROCESS=3 PID=218 CPU_TICKS=31 STATE=S COMMAND=/lib/systemd/systemd-journald
[2026-09-29 05:58:20] TOP_PROCESS=4 PID=20 CPU_TICKS=25 STATE=S COMMAND=migration/1
[2026-09-29 05:58:20] TOP_PROCESS=5 PID=458 CPU_TICKS=24 STATE=S COMMAND=/lib/systemd/systemd --user
